#
# There is insufficient memory for the Java Runtime Environment to continue.
# Native memory allocation (malloc) failed to allocate 660416 bytes for Chunk::new
# Possible reasons:
#   The system is out of physical RAM or swap space
#   The process is running with CompressedOops enabled, and the Java Heap may be blocking the growth of the native heap
# Possible solutions:
#   Reduce memory load on the system
#   Increase physical memory or swap space
#   Check if swap backing store is full
#   Decrease Java heap size (-Xmx/-Xms)
#   Decrease number of Java threads
#   Decrease Java thread stack sizes (-Xss)
#   Set larger code cache with -XX:ReservedCodeCacheSize=
#   JVM is running with Unscaled Compressed Oops mode in which the Java heap is
#     placed in the first 4GB address space. The Java Heap base address is the
#     maximum limit for the native heap growth. Please use -XX:HeapBaseMinAddress
#     to set the Java Heap base and to place the Java Heap above 4GB virtual address.
# This output file may be truncated or incomplete.
#
#  Out of Memory Error (arena.cpp:168), pid=26808, tid=20948
#
# JRE version: Java(TM) SE Runtime Environment (21.0.10+8) (build 21.0.10+8-LTS-217)
# Java VM: Java HotSpot(TM) 64-Bit Server VM (21.0.10+8-LTS-217, mixed mode, sharing, tiered, compressed oops, compressed class ptrs, g1 gc, windows-amd64)
# No core dump will be written. Minidumps are not enabled by default on client versions of Windows
#

---------------  S U M M A R Y ------------

Command Line: -javaagent:C:\Users\91992\AppData\Local\JetBrains\IntelliJ IDEA Community Edition 2023.2.2\lib\idea_rt.jar=50548 -Dfile.encoding=UTF-8 -Dsun.stdout.encoding=UTF-8 -Dsun.stderr.encoding=UTF-8 com.tokentrack.aitokentracker.AiTokenTrackerApplication

Host: AMD Ryzen 5 5500U with Radeon Graphics         , 12 cores, 5G,  Windows 11 , 64 bit Build 26100 (10.0.26100.8875)
Time: Fri Jul 17 22:08:02 2026 India Standard Time elapsed time: 7.432776 seconds (0d 0h 0m 7s)

---------------  T H R E A D  ---------------

Current thread (0x000002514d76e3c0):  JavaThread "C2 CompilerThread0" daemon [_thread_in_native, id=20948, stack(0x0000009c65c00000,0x0000009c65d00000) (1024K)]


Current CompileTask:
C2:   7432 2109   !   4       java.net.URL::<init> (543 bytes)

Stack: [0x0000009c65c00000,0x0000009c65d00000]
Native frames: (J=compiled Java code, j=interpreted, Vv=VM code, C=native code)
V  [jvm.dll+0x6d0b59]
V  [jvm.dll+0x85fd56]
V  [jvm.dll+0x86224e]
V  [jvm.dll+0x862923]
V  [jvm.dll+0x282a16]
V  [jvm.dll+0xc662d]
V  [jvm.dll+0xc6b71]
V  [jvm.dll+0x2f800e]
V  [jvm.dll+0x5fadb7]
V  [jvm.dll+0x2549d7]
V  [jvm.dll+0x254d9d]
V  [jvm.dll+0x24d3cf]
V  [jvm.dll+0x24a84e]
V  [jvm.dll+0x1cacfe]
V  [jvm.dll+0x25a629]
V  [jvm.dll+0x258bb5]
V  [jvm.dll+0x3f4da1]
V  [jvm.dll+0x80a83d]
V  [jvm.dll+0x6cf3fd]
C  [ucrtbase.dll+0x2cd30]
C  [KERNEL32.DLL+0x2e957]
C  [ntdll.dll+0xaad6c]


---------------  P R O C E S S  ---------------

Threads class SMR info:
_java_thread_list=0x00000251939b15d0, length=15, elements={
0x000002512f10cf20, 0x000002514d760090, 0x000002514d760ca0, 0x000002514d764df0,
0x000002514d765e90, 0x000002514d767370, 0x000002514d768850, 0x000002514d76e3c0,
0x000002514d773410, 0x000002514da63570, 0x000002514da63c00, 0x000002514da64290,
0x000002514da621c0, 0x000002514da64920, 0x000002514da64fb0
}

Java Threads: ( => current thread )
  0x000002512f10cf20 JavaThread "main"                              [_thread_blocked, id=14196, stack(0x0000009c64e00000,0x0000009c64f00000) (1024K)]
  0x000002514d760090 JavaThread "Reference Handler"          daemon [_thread_blocked, id=7356, stack(0x0000009c65600000,0x0000009c65700000) (1024K)]
  0x000002514d760ca0 JavaThread "Finalizer"                  daemon [_thread_blocked, id=24736, stack(0x0000009c65700000,0x0000009c65800000) (1024K)]
  0x000002514d764df0 JavaThread "Signal Dispatcher"          daemon [_thread_blocked, id=35560, stack(0x0000009c65800000,0x0000009c65900000) (1024K)]
  0x000002514d765e90 JavaThread "Attach Listener"            daemon [_thread_blocked, id=29800, stack(0x0000009c65900000,0x0000009c65a00000) (1024K)]
  0x000002514d767370 JavaThread "Service Thread"             daemon [_thread_blocked, id=24768, stack(0x0000009c65a00000,0x0000009c65b00000) (1024K)]
  0x000002514d768850 JavaThread "Monitor Deflation Thread"   daemon [_thread_blocked, id=34628, stack(0x0000009c65b00000,0x0000009c65c00000) (1024K)]
=>0x000002514d76e3c0 JavaThread "C2 CompilerThread0"         daemon [_thread_in_native, id=20948, stack(0x0000009c65c00000,0x0000009c65d00000) (1024K)]
  0x000002514d773410 JavaThread "C1 CompilerThread0"         daemon [_thread_blocked, id=37640, stack(0x0000009c65d00000,0x0000009c65e00000) (1024K)]
  0x000002514da63570 JavaThread "Common-Cleaner"             daemon [_thread_blocked, id=32556, stack(0x0000009c65e00000,0x0000009c65f00000) (1024K)]
  0x000002514da63c00 JavaThread "Monitor Ctrl-Break"         daemon [_thread_in_native, id=34024, stack(0x0000009c65f00000,0x0000009c66000000) (1024K)]
  0x000002514da64290 JavaThread "Notification Thread"        daemon [_thread_blocked, id=34456, stack(0x0000009c66000000,0x0000009c66100000) (1024K)]
  0x000002514da621c0 JavaThread "Thread-0"                          [_thread_blocked, id=29644, stack(0x0000009c66100000,0x0000009c66200000) (1024K)]
  0x000002514da64920 JavaThread "restartedMain"                     [_thread_in_native, id=36540, stack(0x0000009c66200000,0x0000009c66300000) (1024K)]
  0x000002514da64fb0 JavaThread "background-preinit"                [_thread_in_vm, id=8060, stack(0x0000009c66900000,0x0000009c66a00000) (1024K)]
Total: 15

Other Threads:
  0x000002514d741280 VMThread "VM Thread"                           [id=37488, stack(0x0000009c65500000,0x0000009c65600000) (1024K)]
  0x000002514d728420 WatcherThread "VM Periodic Task Thread"        [id=3864, stack(0x0000009c65400000,0x0000009c65500000) (1024K)]
  0x000002513141a400 WorkerThread "GC Thread#0"                     [id=21668, stack(0x0000009c64f00000,0x0000009c65000000) (1024K)]
  0x000002519387c9d0 WorkerThread "GC Thread#1"                     [id=23700, stack(0x0000009c66300000,0x0000009c66400000) (1024K)]
  0x000002519387cd80 WorkerThread "GC Thread#2"                     [id=36640, stack(0x0000009c66400000,0x0000009c66500000) (1024K)]
  0x00000251938c7a70 WorkerThread "GC Thread#3"                     [id=20616, stack(0x0000009c66500000,0x0000009c66600000) (1024K)]
  0x00000251938c7e20 WorkerThread "GC Thread#4"                     [id=36952, stack(0x0000009c66600000,0x0000009c66700000) (1024K)]
  0x00000251938c85e0 WorkerThread "GC Thread#5"                     [id=34704, stack(0x0000009c66700000,0x0000009c66800000) (1024K)]
  0x000002519391fcc0 WorkerThread "GC Thread#6"                     [id=32600, stack(0x0000009c66800000,0x0000009c66900000) (1024K)]
  0x0000025194176ef0 WorkerThread "GC Thread#7"                     [id=30804, stack(0x0000009c66a00000,0x0000009c66b00000) (1024K)]
  0x00000251939d5230 WorkerThread "GC Thread#8"                     [id=23472, stack(0x0000009c66b00000,0x0000009c66c00000) (1024K)]
  0x0000025193d37100 WorkerThread "GC Thread#9"                     [id=35640, stack(0x0000009c66c00000,0x0000009c66d00000) (1024K)]
  0x0000025131426fb0 ConcurrentGCThread "G1 Main Marker"            [id=36308, stack(0x0000009c65000000,0x0000009c65100000) (1024K)]
  0x0000025131428940 WorkerThread "G1 Conc#0"                       [id=32184, stack(0x0000009c65100000,0x0000009c65200000) (1024K)]
  0x000002514d5fb110 ConcurrentGCThread "G1 Refine#0"               [id=31780, stack(0x0000009c65200000,0x0000009c65300000) (1024K)]
  0x000002513148e420 ConcurrentGCThread "G1 Service"                [id=10764, stack(0x0000009c65300000,0x0000009c65400000) (1024K)]
Total: 16

Threads with active compile tasks:
C2 CompilerThread0     7484 2109   !   4       java.net.URL::<init> (543 bytes)
Total: 1

VM state: not at safepoint (normal execution)

VM Mutex/Monitor currently owned by a thread: None

Heap address: 0x00000000a2200000, size: 1502 MB, Compressed Oops mode: 32-bit

CDS archive(s) mapped at: [0x000002514e000000-0x000002514ec90000-0x000002514ec90000), size 13172736, SharedBaseAddress: 0x000002514e000000, ArchiveRelocationMode: 1.
Compressed class space mapped at: 0x000002514f000000-0x000002518f000000, reserved size: 1073741824
Narrow klass base: 0x000002514e000000, Narrow klass shift: 0, Narrow klass range: 0x100000000

GC Precious Log:
 CardTable entry size: 512
 Card Set container configuration: InlinePtr #cards 5 size 8 Array Of Cards #cards 12 size 40 Howl #buckets 4 coarsen threshold 1843 Howl Bitmap #cards 512 size 80 coarsen threshold 460 Card regions per heap region 1 cards per card region 2048
 CPUs: 12 total, 12 available
 Memory: 6005M
 Large Page Support: Disabled
 NUMA Support: Disabled
 Compressed Oops: Enabled (32-bit)
 Heap Region Size: 1M
 Heap Min Capacity: 8M
 Heap Initial Capacity: 94M
 Heap Max Capacity: 1502M
 Pre-touch: Disabled
 Parallel Workers: 10
 Concurrent Workers: 3
 Concurrent Refinement Workers: 10
 Periodic GC: Disabled

Heap:
 garbage-first heap   total 96256K, used 19571K [0x00000000a2200000, 0x0000000100000000)
  region size 1024K, 14 young (14336K), 3 survivors (3072K)
 Metaspace       used 17006K, committed 17408K, reserved 1114112K
  class space    used 2185K, committed 2368K, reserved 1048576K

Heap Regions: E=young(eden), S=young(survivor), O=old, HS=humongous(starts), HC=humongous(continues), CS=collection set, F=free, TAMS=top-at-mark-start, PB=parsable bottom
|   0|0x00000000a2200000, 0x00000000a2300000, 0x00000000a2300000|100%|HS|  |TAMS 0x00000000a2200000| PB 0x00000000a2200000| Complete 
|   1|0x00000000a2300000, 0x00000000a2400000, 0x00000000a2400000|100%|HS|  |TAMS 0x00000000a2300000| PB 0x00000000a2300000| Complete 
|   2|0x00000000a2400000, 0x00000000a2500000, 0x00000000a2500000|100%| O|  |TAMS 0x00000000a2400000| PB 0x00000000a2400000| Untracked 
|   3|0x00000000a2500000, 0x00000000a2600000, 0x00000000a2600000|100%| O|  |TAMS 0x00000000a2500000| PB 0x00000000a2500000| Untracked 
|   4|0x00000000a2600000, 0x00000000a2700000, 0x00000000a2700000|100%| O|  |TAMS 0x00000000a2600000| PB 0x00000000a2600000| Untracked 
|   5|0x00000000a2700000, 0x00000000a2800000, 0x00000000a2800000|100%| O|  |TAMS 0x00000000a2700000| PB 0x00000000a2700000| Untracked 
|   6|0x00000000a2800000, 0x00000000a2900000, 0x00000000a2900000|100%| O|  |TAMS 0x00000000a2800000| PB 0x00000000a2800000| Untracked 
|   7|0x00000000a2900000, 0x00000000a291ccf0, 0x00000000a2a00000| 11%| O|  |TAMS 0x00000000a2900000| PB 0x00000000a2900000| Untracked 
|   8|0x00000000a2a00000, 0x00000000a2a00000, 0x00000000a2b00000|  0%| F|  |TAMS 0x00000000a2a00000| PB 0x00000000a2a00000| Untracked 
|   9|0x00000000a2b00000, 0x00000000a2b00000, 0x00000000a2c00000|  0%| F|  |TAMS 0x00000000a2b00000| PB 0x00000000a2b00000| Untracked 
|  10|0x00000000a2c00000, 0x00000000a2c00000, 0x00000000a2d00000|  0%| F|  |TAMS 0x00000000a2c00000| PB 0x00000000a2c00000| Untracked 
|  11|0x00000000a2d00000, 0x00000000a2d00000, 0x00000000a2e00000|  0%| F|  |TAMS 0x00000000a2d00000| PB 0x00000000a2d00000| Untracked 
|  12|0x00000000a2e00000, 0x00000000a2e00000, 0x00000000a2f00000|  0%| F|  |TAMS 0x00000000a2e00000| PB 0x00000000a2e00000| Untracked 
|  13|0x00000000a2f00000, 0x00000000a2f00000, 0x00000000a3000000|  0%| F|  |TAMS 0x00000000a2f00000| PB 0x00000000a2f00000| Untracked 
|  14|0x00000000a3000000, 0x00000000a3000000, 0x00000000a3100000|  0%| F|  |TAMS 0x00000000a3000000| PB 0x00000000a3000000| Untracked 
|  15|0x00000000a3100000, 0x00000000a3100000, 0x00000000a3200000|  0%| F|  |TAMS 0x00000000a3100000| PB 0x00000000a3100000| Untracked 
|  16|0x00000000a3200000, 0x00000000a3200000, 0x00000000a3300000|  0%| F|  |TAMS 0x00000000a3200000| PB 0x00000000a3200000| Untracked 
|  17|0x00000000a3300000, 0x00000000a3300000, 0x00000000a3400000|  0%| F|  |TAMS 0x00000000a3300000| PB 0x00000000a3300000| Untracked 
|  18|0x00000000a3400000, 0x00000000a3400000, 0x00000000a3500000|  0%| F|  |TAMS 0x00000000a3400000| PB 0x00000000a3400000| Untracked 
|  19|0x00000000a3500000, 0x00000000a3500000, 0x00000000a3600000|  0%| F|  |TAMS 0x00000000a3500000| PB 0x00000000a3500000| Untracked 
|  20|0x00000000a3600000, 0x00000000a3600000, 0x00000000a3700000|  0%| F|  |TAMS 0x00000000a3600000| PB 0x00000000a3600000| Untracked 
|  21|0x00000000a3700000, 0x00000000a3700000, 0x00000000a3800000|  0%| F|  |TAMS 0x00000000a3700000| PB 0x00000000a3700000| Untracked 
|  22|0x00000000a3800000, 0x00000000a3800000, 0x00000000a3900000|  0%| F|  |TAMS 0x00000000a3800000| PB 0x00000000a3800000| Untracked 
|  23|0x00000000a3900000, 0x00000000a3900000, 0x00000000a3a00000|  0%| F|  |TAMS 0x00000000a3900000| PB 0x00000000a3900000| Untracked 
|  24|0x00000000a3a00000, 0x00000000a3a00000, 0x00000000a3b00000|  0%| F|  |TAMS 0x00000000a3a00000| PB 0x00000000a3a00000| Untracked 
|  25|0x00000000a3b00000, 0x00000000a3b00000, 0x00000000a3c00000|  0%| F|  |TAMS 0x00000000a3b00000| PB 0x00000000a3b00000| Untracked 
|  26|0x00000000a3c00000, 0x00000000a3c00000, 0x00000000a3d00000|  0%| F|  |TAMS 0x00000000a3c00000| PB 0x00000000a3c00000| Untracked 
|  27|0x00000000a3d00000, 0x00000000a3d00000, 0x00000000a3e00000|  0%| F|  |TAMS 0x00000000a3d00000| PB 0x00000000a3d00000| Untracked 
|  28|0x00000000a3e00000, 0x00000000a3e00000, 0x00000000a3f00000|  0%| F|  |TAMS 0x00000000a3e00000| PB 0x00000000a3e00000| Untracked 
|  29|0x00000000a3f00000, 0x00000000a3f00000, 0x00000000a4000000|  0%| F|  |TAMS 0x00000000a3f00000| PB 0x00000000a3f00000| Untracked 
|  30|0x00000000a4000000, 0x00000000a4000000, 0x00000000a4100000|  0%| F|  |TAMS 0x00000000a4000000| PB 0x00000000a4000000| Untracked 
|  31|0x00000000a4100000, 0x00000000a4100000, 0x00000000a4200000|  0%| F|  |TAMS 0x00000000a4100000| PB 0x00000000a4100000| Untracked 
|  32|0x00000000a4200000, 0x00000000a4200000, 0x00000000a4300000|  0%| F|  |TAMS 0x00000000a4200000| PB 0x00000000a4200000| Untracked 
|  33|0x00000000a4300000, 0x00000000a4300000, 0x00000000a4400000|  0%| F|  |TAMS 0x00000000a4300000| PB 0x00000000a4300000| Untracked 
|  34|0x00000000a4400000, 0x00000000a4400000, 0x00000000a4500000|  0%| F|  |TAMS 0x00000000a4400000| PB 0x00000000a4400000| Untracked 
|  35|0x00000000a4500000, 0x00000000a4500000, 0x00000000a4600000|  0%| F|  |TAMS 0x00000000a4500000| PB 0x00000000a4500000| Untracked 
|  36|0x00000000a4600000, 0x00000000a4600000, 0x00000000a4700000|  0%| F|  |TAMS 0x00000000a4600000| PB 0x00000000a4600000| Untracked 
|  37|0x00000000a4700000, 0x00000000a4700000, 0x00000000a4800000|  0%| F|  |TAMS 0x00000000a4700000| PB 0x00000000a4700000| Untracked 
|  38|0x00000000a4800000, 0x00000000a4800000, 0x00000000a4900000|  0%| F|  |TAMS 0x00000000a4800000| PB 0x00000000a4800000| Untracked 
|  39|0x00000000a4900000, 0x00000000a4900000, 0x00000000a4a00000|  0%| F|  |TAMS 0x00000000a4900000| PB 0x00000000a4900000| Untracked 
|  40|0x00000000a4a00000, 0x00000000a4a00000, 0x00000000a4b00000|  0%| F|  |TAMS 0x00000000a4a00000| PB 0x00000000a4a00000| Untracked 
|  41|0x00000000a4b00000, 0x00000000a4b00000, 0x00000000a4c00000|  0%| F|  |TAMS 0x00000000a4b00000| PB 0x00000000a4b00000| Untracked 
|  42|0x00000000a4c00000, 0x00000000a4c00000, 0x00000000a4d00000|  0%| F|  |TAMS 0x00000000a4c00000| PB 0x00000000a4c00000| Untracked 
|  43|0x00000000a4d00000, 0x00000000a4d00000, 0x00000000a4e00000|  0%| F|  |TAMS 0x00000000a4d00000| PB 0x00000000a4d00000| Untracked 
|  44|0x00000000a4e00000, 0x00000000a4e00000, 0x00000000a4f00000|  0%| F|  |TAMS 0x00000000a4e00000| PB 0x00000000a4e00000| Untracked 
|  45|0x00000000a4f00000, 0x00000000a4f00000, 0x00000000a5000000|  0%| F|  |TAMS 0x00000000a4f00000| PB 0x00000000a4f00000| Untracked 
|  46|0x00000000a5000000, 0x00000000a5000000, 0x00000000a5100000|  0%| F|  |TAMS 0x00000000a5000000| PB 0x00000000a5000000| Untracked 
|  47|0x00000000a5100000, 0x00000000a5100000, 0x00000000a5200000|  0%| F|  |TAMS 0x00000000a5100000| PB 0x00000000a5100000| Untracked 
|  48|0x00000000a5200000, 0x00000000a5200000, 0x00000000a5300000|  0%| F|  |TAMS 0x00000000a5200000| PB 0x00000000a5200000| Untracked 
|  49|0x00000000a5300000, 0x00000000a5300000, 0x00000000a5400000|  0%| F|  |TAMS 0x00000000a5300000| PB 0x00000000a5300000| Untracked 
|  50|0x00000000a5400000, 0x00000000a5400000, 0x00000000a5500000|  0%| F|  |TAMS 0x00000000a5400000| PB 0x00000000a5400000| Untracked 
|  51|0x00000000a5500000, 0x00000000a5500000, 0x00000000a5600000|  0%| F|  |TAMS 0x00000000a5500000| PB 0x00000000a5500000| Untracked 
|  52|0x00000000a5600000, 0x00000000a5600000, 0x00000000a5700000|  0%| F|  |TAMS 0x00000000a5600000| PB 0x00000000a5600000| Untracked 
|  53|0x00000000a5700000, 0x00000000a5700000, 0x00000000a5800000|  0%| F|  |TAMS 0x00000000a5700000| PB 0x00000000a5700000| Untracked 
|  54|0x00000000a5800000, 0x00000000a5800000, 0x00000000a5900000|  0%| F|  |TAMS 0x00000000a5800000| PB 0x00000000a5800000| Untracked 
|  55|0x00000000a5900000, 0x00000000a5900000, 0x00000000a5a00000|  0%| F|  |TAMS 0x00000000a5900000| PB 0x00000000a5900000| Untracked 
|  56|0x00000000a5a00000, 0x00000000a5a00000, 0x00000000a5b00000|  0%| F|  |TAMS 0x00000000a5a00000| PB 0x00000000a5a00000| Untracked 
|  57|0x00000000a5b00000, 0x00000000a5b00000, 0x00000000a5c00000|  0%| F|  |TAMS 0x00000000a5b00000| PB 0x00000000a5b00000| Untracked 
|  58|0x00000000a5c00000, 0x00000000a5d00000, 0x00000000a5d00000|100%| S|CS|TAMS 0x00000000a5c00000| PB 0x00000000a5c00000| Complete 
|  59|0x00000000a5d00000, 0x00000000a5e00000, 0x00000000a5e00000|100%| S|CS|TAMS 0x00000000a5d00000| PB 0x00000000a5d00000| Complete 
|  60|0x00000000a5e00000, 0x00000000a5f00000, 0x00000000a5f00000|100%| S|CS|TAMS 0x00000000a5e00000| PB 0x00000000a5e00000| Complete 
|  61|0x00000000a5f00000, 0x00000000a5f00000, 0x00000000a6000000|  0%| F|  |TAMS 0x00000000a5f00000| PB 0x00000000a5f00000| Untracked 
|  62|0x00000000a6000000, 0x00000000a6000000, 0x00000000a6100000|  0%| F|  |TAMS 0x00000000a6000000| PB 0x00000000a6000000| Untracked 
|  63|0x00000000a6100000, 0x00000000a6100000, 0x00000000a6200000|  0%| F|  |TAMS 0x00000000a6100000| PB 0x00000000a6100000| Untracked 
|  64|0x00000000a6200000, 0x00000000a6200000, 0x00000000a6300000|  0%| F|  |TAMS 0x00000000a6200000| PB 0x00000000a6200000| Untracked 
|  65|0x00000000a6300000, 0x00000000a6300000, 0x00000000a6400000|  0%| F|  |TAMS 0x00000000a6300000| PB 0x00000000a6300000| Untracked 
|  66|0x00000000a6400000, 0x00000000a6400000, 0x00000000a6500000|  0%| F|  |TAMS 0x00000000a6400000| PB 0x00000000a6400000| Untracked 
|  67|0x00000000a6500000, 0x00000000a6500000, 0x00000000a6600000|  0%| F|  |TAMS 0x00000000a6500000| PB 0x00000000a6500000| Untracked 
|  68|0x00000000a6600000, 0x00000000a6600000, 0x00000000a6700000|  0%| F|  |TAMS 0x00000000a6600000| PB 0x00000000a6600000| Untracked 
|  69|0x00000000a6700000, 0x00000000a6700000, 0x00000000a6800000|  0%| F|  |TAMS 0x00000000a6700000| PB 0x00000000a6700000| Untracked 
|  70|0x00000000a6800000, 0x00000000a6800000, 0x00000000a6900000|  0%| F|  |TAMS 0x00000000a6800000| PB 0x00000000a6800000| Untracked 
|  71|0x00000000a6900000, 0x00000000a6900000, 0x00000000a6a00000|  0%| F|  |TAMS 0x00000000a6900000| PB 0x00000000a6900000| Untracked 
|  72|0x00000000a6a00000, 0x00000000a6a00000, 0x00000000a6b00000|  0%| F|  |TAMS 0x00000000a6a00000| PB 0x00000000a6a00000| Untracked 
|  73|0x00000000a6b00000, 0x00000000a6b00000, 0x00000000a6c00000|  0%| F|  |TAMS 0x00000000a6b00000| PB 0x00000000a6b00000| Untracked 
|  74|0x00000000a6c00000, 0x00000000a6c00000, 0x00000000a6d00000|  0%| F|  |TAMS 0x00000000a6c00000| PB 0x00000000a6c00000| Untracked 
|  75|0x00000000a6d00000, 0x00000000a6d00000, 0x00000000a6e00000|  0%| F|  |TAMS 0x00000000a6d00000| PB 0x00000000a6d00000| Untracked 
|  76|0x00000000a6e00000, 0x00000000a6e00000, 0x00000000a6f00000|  0%| F|  |TAMS 0x00000000a6e00000| PB 0x00000000a6e00000| Untracked 
|  77|0x00000000a6f00000, 0x00000000a6f00000, 0x00000000a7000000|  0%| F|  |TAMS 0x00000000a6f00000| PB 0x00000000a6f00000| Untracked 
|  78|0x00000000a7000000, 0x00000000a7000000, 0x00000000a7100000|  0%| F|  |TAMS 0x00000000a7000000| PB 0x00000000a7000000| Untracked 
|  79|0x00000000a7100000, 0x00000000a7100000, 0x00000000a7200000|  0%| F|  |TAMS 0x00000000a7100000| PB 0x00000000a7100000| Untracked 
|  80|0x00000000a7200000, 0x00000000a7200000, 0x00000000a7300000|  0%| F|  |TAMS 0x00000000a7200000| PB 0x00000000a7200000| Untracked 
|  81|0x00000000a7300000, 0x00000000a7300000, 0x00000000a7400000|  0%| F|  |TAMS 0x00000000a7300000| PB 0x00000000a7300000| Untracked 
|  82|0x00000000a7400000, 0x00000000a7400000, 0x00000000a7500000|  0%| F|  |TAMS 0x00000000a7400000| PB 0x00000000a7400000| Untracked 
|  83|0x00000000a7500000, 0x00000000a75d12b0, 0x00000000a7600000| 81%| E|  |TAMS 0x00000000a7500000| PB 0x00000000a7500000| Complete 
|  84|0x00000000a7600000, 0x00000000a7700000, 0x00000000a7700000|100%| E|CS|TAMS 0x00000000a7600000| PB 0x00000000a7600000| Complete 
|  85|0x00000000a7700000, 0x00000000a7800000, 0x00000000a7800000|100%| E|CS|TAMS 0x00000000a7700000| PB 0x00000000a7700000| Complete 
|  86|0x00000000a7800000, 0x00000000a7900000, 0x00000000a7900000|100%| E|CS|TAMS 0x00000000a7800000| PB 0x00000000a7800000| Complete 
|  87|0x00000000a7900000, 0x00000000a7a00000, 0x00000000a7a00000|100%| E|  |TAMS 0x00000000a7900000| PB 0x00000000a7900000| Complete 
|  88|0x00000000a7a00000, 0x00000000a7b00000, 0x00000000a7b00000|100%| E|CS|TAMS 0x00000000a7a00000| PB 0x00000000a7a00000| Complete 
|  89|0x00000000a7b00000, 0x00000000a7c00000, 0x00000000a7c00000|100%| E|CS|TAMS 0x00000000a7b00000| PB 0x00000000a7b00000| Complete 
|  90|0x00000000a7c00000, 0x00000000a7d00000, 0x00000000a7d00000|100%| E|CS|TAMS 0x00000000a7c00000| PB 0x00000000a7c00000| Complete 
|  91|0x00000000a7d00000, 0x00000000a7e00000, 0x00000000a7e00000|100%| E|CS|TAMS 0x00000000a7d00000| PB 0x00000000a7d00000| Complete 
|  92|0x00000000a7e00000, 0x00000000a7f00000, 0x00000000a7f00000|100%| E|CS|TAMS 0x00000000a7e00000| PB 0x00000000a7e00000| Complete 
|  93|0x00000000a7f00000, 0x00000000a8000000, 0x00000000a8000000|100%| E|CS|TAMS 0x00000000a7f00000| PB 0x00000000a7f00000| Complete 

Card table byte_map: [0x00000251490c0000,0x00000251493b0000] _byte_map_base: 0x0000025148baf000

Marking Bits: (CMBitMap*) 0x000002513141ab10
 Bits: [0x00000251493b0000, 0x000002514ab28000)

Polling page: 0x000002512f2d0000

Metaspace:

Usage:
  Non-class:     14.51 MB used.
      Class:      2.14 MB used.
       Both:     16.65 MB used.

Virtual space:
  Non-class space:       64.00 MB reserved,      14.69 MB ( 23%) committed,  1 nodes.
      Class space:        1.00 GB reserved,       2.31 MB ( <1%) committed,  1 nodes.
             Both:        1.06 GB reserved,      17.00 MB (  2%) committed. 

Chunk freelists:
   Non-Class:  512.00 KB
       Class:  13.72 MB
        Both:  14.20 MB

MaxMetaspaceSize: unlimited
CompressedClassSpaceSize: 1.00 GB
Initial GC threshold: 21.00 MB
Current GC threshold: 21.00 MB
CDS: on
 - commit_granule_bytes: 65536.
 - commit_granule_words: 8192.
 - virtual_space_node_default_size: 8388608.
 - enlarge_chunks_in_place: 1.
 - use_allocation_guard: 0.


Internal statistics:

num_allocs_failed_limit: 0.
num_arena_births: 430.
num_arena_deaths: 0.
num_vsnodes_births: 2.
num_vsnodes_deaths: 0.
num_space_committed: 273.
num_space_uncommitted: 0.
num_chunks_returned_to_freelist: 0.
num_chunks_taken_from_freelist: 1050.
num_chunk_merges: 0.
num_chunk_splits: 661.
num_chunks_enlarged: 426.
num_inconsistent_stats: 0.

CodeHeap 'non-profiled nmethods': size=120000Kb used=759Kb max_used=759Kb free=119241Kb
 bounds [0x0000025141340000, 0x00000251415b0000, 0x0000025148870000]
CodeHeap 'profiled nmethods': size=120000Kb used=4209Kb max_used=4209Kb free=115790Kb
 bounds [0x0000025139870000, 0x0000025139c90000, 0x0000025140da0000]
CodeHeap 'non-nmethods': size=5760Kb used=1428Kb max_used=1451Kb free=4331Kb
 bounds [0x0000025140da0000, 0x0000025141010000, 0x0000025141340000]
 total_blobs=2694 nmethods=2179 adapters=419
 compilation: enabled
              stopped_count=0, restarted_count=0
 full_count=0

Compilation events (20 events):
Event: 5.385 Thread 0x000002514d773410 2141       3       jdk.internal.loader.AbstractClassLoaderValue$Sub::hashCode (19 bytes)
Event: 5.386 Thread 0x000002514d773410 nmethod 2141 0x0000025139c6b110 code [0x0000025139c6b2e0, 0x0000025139c6b658]
Event: 5.386 Thread 0x000002514d773410 2140   !   3       jdk.internal.loader.AbstractClassLoaderValue::get (21 bytes)
Event: 5.386 Thread 0x000002514d773410 nmethod 2140 0x0000025139c6b790 code [0x0000025139c6b9a0, 0x0000025139c6c060]
Event: 5.386 Thread 0x000002514d773410 2142       1       org.springframework.core.annotation.AnnotationTypeMapping::getMirrorSets (5 bytes)
Event: 5.387 Thread 0x000002514d773410 nmethod 2142 0x00000251413fc890 code [0x00000251413fca20, 0x00000251413fcae8]
Event: 5.394 Thread 0x000002514d773410 2144       3       java.lang.module.ResolvedModule::name (11 bytes)
Event: 5.395 Thread 0x000002514d773410 nmethod 2144 0x0000025139c6c310 code [0x0000025139c6c4c0, 0x0000025139c6c610]
Event: 5.396 Thread 0x000002514d773410 2147       3       java.util.jar.JarFile::getEntry (35 bytes)
Event: 5.397 Thread 0x000002514d773410 nmethod 2147 0x0000025139c6c710 code [0x0000025139c6c920, 0x0000025139c6cdc0]
Event: 5.397 Thread 0x000002514d773410 2148       3       java.util.zip.ZipFile$Source::getEntryPos (164 bytes)
Event: 5.398 Thread 0x000002514d773410 nmethod 2148 0x0000025139c6cf10 code [0x0000025139c6d160, 0x0000025139c6da60]
Event: 5.398 Thread 0x000002514d773410 2149   !   3       java.util.zip.ZipFile::getEntry (59 bytes)
Event: 5.398 Thread 0x000002514d773410 nmethod 2149 0x0000025139c6df10 code [0x0000025139c6e100, 0x0000025139c6e590]
Event: 5.398 Thread 0x000002514d773410 2146       3       java.util.zip.ZipCoder::hash (36 bytes)
Event: 5.399 Thread 0x000002514d773410 nmethod 2146 0x0000025139c6e810 code [0x0000025139c6ea20, 0x0000025139c6f140]
Event: 5.399 Thread 0x000002514d773410 2145       2       java.util.zip.ZipFile$1::getMetaInfVersions (5 bytes)
Event: 5.400 Thread 0x000002514d773410 nmethod 2145 0x0000025139c6f490 code [0x0000025139c6f640, 0x0000025139c6f870]
Event: 5.400 Thread 0x000002514d773410 2150       3       java.net.URI$Parser::checkChar (14 bytes)
Event: 5.400 Thread 0x000002514d773410 nmethod 2150 0x0000025139c6fa10 code [0x0000025139c6fbc0, 0x0000025139c6fd18]

GC Heap History (4 events):
Event: 1.700 GC heap before
{Heap before GC invocations=0 (full 0):
 garbage-first heap   total 96256K, used 24576K [0x00000000a2200000, 0x0000000100000000)
  region size 1024K, 23 young (23552K), 0 survivors (0K)
 Metaspace       used 5584K, committed 5760K, reserved 1114112K
  class space    used 632K, committed 704K, reserved 1048576K
}
Event: 1.708 GC heap after
{Heap after GC invocations=1 (full 0):
 garbage-first heap   total 96256K, used 7168K [0x00000000a2200000, 0x0000000100000000)
  region size 1024K, 3 young (3072K), 3 survivors (3072K)
 Metaspace       used 5584K, committed 5760K, reserved 1114112K
  class space    used 632K, committed 704K, reserved 1048576K
}
Event: 5.180 GC heap before
{Heap before GC invocations=1 (full 0):
 garbage-first heap   total 96256K, used 37888K [0x00000000a2200000, 0x0000000100000000)
  region size 1024K, 33 young (33792K), 3 survivors (3072K)
 Metaspace       used 13919K, committed 14336K, reserved 1114112K
  class space    used 1819K, committed 1984K, reserved 1048576K
}
Event: 5.189 GC heap after
{Heap after GC invocations=2 (full 0):
 garbage-first heap   total 96256K, used 10355K [0x00000000a2200000, 0x0000000100000000)
  region size 1024K, 3 young (3072K), 3 survivors (3072K)
 Metaspace       used 13919K, committed 14336K, reserved 1114112K
  class space    used 1819K, committed 1984K, reserved 1048576K
}

Dll operation events (11 events):
Event: 0.029 Loaded shared library C:\Program Files\Java\jdk-21.0.10\bin\java.dll
Event: 0.085 Loaded shared library C:\Program Files\Java\jdk-21.0.10\bin\jsvml.dll
Event: 0.345 Loaded shared library C:\Program Files\Java\jdk-21.0.10\bin\zip.dll
Event: 0.356 Loaded shared library C:\Program Files\Java\jdk-21.0.10\bin\instrument.dll
Event: 0.372 Loaded shared library C:\Program Files\Java\jdk-21.0.10\bin\net.dll
Event: 0.377 Loaded shared library C:\Program Files\Java\jdk-21.0.10\bin\nio.dll
Event: 0.384 Loaded shared library C:\Program Files\Java\jdk-21.0.10\bin\zip.dll
Event: 0.771 Loaded shared library C:\Program Files\Java\jdk-21.0.10\bin\extnet.dll
Event: 0.861 Loaded shared library C:\Program Files\Java\jdk-21.0.10\bin\jimage.dll
Event: 1.556 Loaded shared library C:\Program Files\Java\jdk-21.0.10\bin\management.dll
Event: 1.565 Loaded shared library C:\Program Files\Java\jdk-21.0.10\bin\management_ext.dll

Deoptimization events (20 events):
Event: 5.396 Thread 0x000002514da64920 Uncommon trap: trap_request=0xffffff45 fr.pc=0x0000025141388970 relative=0x0000000000000690
Event: 5.396 Thread 0x000002514da64920 Uncommon trap: reason=unstable_if action=reinterpret pc=0x0000025141388970 method=java.util.zip.ZipCoder.hash(Ljava/lang/String;)I @ 23 c2
Event: 5.396 Thread 0x000002514da64920 DEOPT PACKING pc=0x0000025141388970 sp=0x0000009c662fdba0
Event: 5.396 Thread 0x000002514da64920 DEOPT UNPACKING pc=0x0000025140df46a2 sp=0x0000009c662fda60 mode 2
Event: 5.396 Thread 0x000002514da64920 Uncommon trap: trap_request=0xffffff45 fr.pc=0x0000025141378920 relative=0x0000000000000460
Event: 5.396 Thread 0x000002514da64920 Uncommon trap: reason=unstable_if action=reinterpret pc=0x0000025141378920 method=java.util.zip.ZipCoder.hash(Ljava/lang/String;)I @ 23 c2
Event: 5.396 Thread 0x000002514da64920 DEOPT PACKING pc=0x0000025141378920 sp=0x0000009c662fdb40
Event: 5.396 Thread 0x000002514da64920 DEOPT UNPACKING pc=0x0000025140df46a2 sp=0x0000009c662fda60 mode 2
Event: 5.396 Thread 0x000002514da64920 Uncommon trap: trap_request=0xffffff45 fr.pc=0x000002514137703c relative=0x000000000000017c
Event: 5.396 Thread 0x000002514da64920 Uncommon trap: reason=unstable_if action=reinterpret pc=0x000002514137703c method=java.util.zip.ZipCoder.hash(Ljava/lang/String;)I @ 23 c2
Event: 5.396 Thread 0x000002514da64920 DEOPT PACKING pc=0x000002514137703c sp=0x0000009c662fdad0
Event: 5.396 Thread 0x000002514da64920 DEOPT UNPACKING pc=0x0000025140df46a2 sp=0x0000009c662fda58 mode 2
Event: 5.396 Thread 0x000002514da64920 Uncommon trap: trap_request=0xffffff45 fr.pc=0x00000251413c1d20 relative=0x0000000000001540
Event: 5.396 Thread 0x000002514da64920 Uncommon trap: reason=unstable_if action=reinterpret pc=0x00000251413c1d20 method=java.util.zip.ZipCoder.hash(Ljava/lang/String;)I @ 23 c2
Event: 5.396 Thread 0x000002514da64920 DEOPT PACKING pc=0x00000251413c1d20 sp=0x0000009c662fdb70
Event: 5.396 Thread 0x000002514da64920 DEOPT UNPACKING pc=0x0000025140df46a2 sp=0x0000009c662fd9c8 mode 2
Event: 5.399 Thread 0x000002514da64920 Uncommon trap: trap_request=0xffffff45 fr.pc=0x000002514135cfec relative=0x000000000000004c
Event: 5.399 Thread 0x000002514da64920 Uncommon trap: reason=unstable_if action=reinterpret pc=0x000002514135cfec method=sun.nio.fs.WindowsPathParser.isSlash(C)Z @ 9 c2
Event: 5.399 Thread 0x000002514da64920 DEOPT PACKING pc=0x000002514135cfec sp=0x0000009c662fdcc0
Event: 5.399 Thread 0x000002514da64920 DEOPT UNPACKING pc=0x0000025140df46a2 sp=0x0000009c662fdc48 mode 2

Classes loaded (20 events):
Event: 5.327 Loading class java/beans/BeanInfo
Event: 5.328 Loading class java/beans/BeanInfo done
Event: 5.335 Loading class java/beans/MethodRef
Event: 5.335 Loading class java/beans/MethodRef done
Event: 5.336 Loading class java/beans/SimpleBeanInfo
Event: 5.337 Loading class java/beans/SimpleBeanInfo done
Event: 5.337 Loading class com/sun/beans/TypeResolver
Event: 5.338 Loading class com/sun/beans/TypeResolver done
Event: 5.338 Loading class com/sun/beans/WeakCache
Event: 5.339 Loading class com/sun/beans/WeakCache done
Event: 5.339 Loading class com/sun/beans/WildcardTypeImpl
Event: 5.340 Loading class com/sun/beans/WildcardTypeImpl done
Event: 5.382 Loading class java/util/Collections$ReverseComparator
Event: 5.382 Loading class java/util/Collections$ReverseComparator done
Event: 5.382 Loading class java/util/Comparators$NaturalOrderComparator
Event: 5.382 Loading class java/util/Comparators$NaturalOrderComparator done
Event: 5.382 Loading class java/util/Collections$ReverseComparator2
Event: 5.382 Loading class java/util/Collections$ReverseComparator2 done
Event: 5.399 Loading class java/nio/file/AccessMode
Event: 5.399 Loading class java/nio/file/AccessMode done

Classes unloaded (0 events):
No events

Classes redefined (0 events):
No events

Internal exceptions (20 events):
Event: 2.347 Thread 0x000002514da64920 Exception <a 'java/lang/NoSuchMethodError'{0x00000000a7459170}: 'int java.lang.invoke.DirectMethodHandle$Holder.invokeStaticInit(java.lang.Object, long, long)'> (0x00000000a7459170) 
thrown [s\open\src\hotspot\share\interpreter\linkResolver.cpp, line 773]
Event: 2.348 Thread 0x000002514da64920 Exception <a 'java/lang/NoSuchMethodError'{0x00000000a745fd58}: 'int java.lang.invoke.DirectMethodHandle$Holder.invokeStaticInit(java.lang.Object, float, float)'> (0x00000000a745fd58) 
thrown [s\open\src\hotspot\share\interpreter\linkResolver.cpp, line 773]
Event: 2.350 Thread 0x000002514da64920 Exception <a 'java/lang/NoSuchMethodError'{0x00000000a7466938}: 'int java.lang.invoke.DirectMethodHandle$Holder.invokeStaticInit(java.lang.Object, double, double)'> (0x00000000a7466938) 
thrown [s\open\src\hotspot\share\interpreter\linkResolver.cpp, line 773]
Event: 2.351 Thread 0x000002514da64920 Exception <a 'java/lang/NoSuchMethodError'{0x00000000a746b210}: 'int java.lang.invoke.DirectMethodHandle$Holder.invokeStatic(java.lang.Object, long)'> (0x00000000a746b210) 
thrown [s\open\src\hotspot\share\interpreter\linkResolver.cpp, line 773]
Event: 2.358 Thread 0x000002514da64920 Exception <a 'java/lang/NoSuchMethodError'{0x00000000a748ca08}: 'int java.lang.invoke.Invokers$Holder.linkToTargetMethod(java.lang.Object, java.lang.Object)'> (0x00000000a748ca08) 
thrown [s\open\src\hotspot\share\interpreter\linkResolver.cpp, line 773]
Event: 2.391 Thread 0x000002514da64920 Exception <a 'java/lang/NoSuchMethodError'{0x00000000a73050d8}: 'java.lang.Object java.lang.invoke.DirectMethodHandle$Holder.invokeSpecial(java.lang.Object, java.lang.Object, java.lang.Object, int, java.lang.Object)'> (0x00000000a73050d8) 
thrown [s\open\src\hotspot\share\interpreter\linkResolver.cpp, line 773]
Event: 2.393 Thread 0x000002514da64920 Exception <a 'java/lang/NoSuchMethodError'{0x00000000a730c8f0}: 'java.lang.Object java.lang.invoke.DirectMethodHandle$Holder.newInvokeSpecial(java.lang.Object, java.lang.Object, java.lang.Object, int, java.lang.Object)'> (0x00000000a730c8f0) 
thrown [s\open\src\hotspot\share\interpreter\linkResolver.cpp, line 773]
Event: 2.394 Thread 0x000002514da64920 Exception <a 'java/lang/NoSuchMethodError'{0x00000000a7313d88}: 'java.lang.Object java.lang.invoke.Invokers$Holder.linkToTargetMethod(java.lang.Object, java.lang.Object, int, java.lang.Object, java.lang.Object)'> (0x00000000a7313d88) 
thrown [s\open\src\hotspot\share\interpreter\linkResolver.cpp, line 773]
Event: 2.397 Thread 0x000002514da64920 Exception <a 'java/lang/NoSuchMethodError'{0x00000000a7322640}: 'java.lang.Object java.lang.invoke.DirectMethodHandle$Holder.newInvokeSpecial(java.lang.Object, int, java.lang.Object)'> (0x00000000a7322640) 
thrown [s\open\src\hotspot\share\interpreter\linkResolver.cpp, line 773]
Event: 2.398 Thread 0x000002514da64920 Exception <a 'java/lang/NoSuchMethodError'{0x00000000a7326c80}: 'int java.lang.invoke.DirectMethodHandle$Holder.invokeSpecialIFC(java.lang.Object, java.lang.Object, java.lang.Object, java.lang.Object)'> (0x00000000a7326c80) 
thrown [s\open\src\hotspot\share\interpreter\linkResolver.cpp, line 773]
Event: 2.435 Thread 0x000002514da64920 Exception <a 'java/lang/NoSuchMethodError'{0x00000000a73c4a08}: 'void java.lang.invoke.DirectMethodHandle$Holder.invokeInterface(java.lang.Object, java.lang.Object, java.lang.Object)'> (0x00000000a73c4a08) 
thrown [s\open\src\hotspot\share\interpreter\linkResolver.cpp, line 773]
Event: 3.520 Thread 0x000002514da64920 Exception <a 'java/lang/NoSuchMethodError'{0x00000000a72539e8}: 'void java.lang.invoke.DirectMethodHandle$Holder.invokeStaticInit(java.lang.Object, java.lang.Object, java.lang.Object)'> (0x00000000a72539e8) 
thrown [s\open\src\hotspot\share\interpreter\linkResolver.cpp, line 773]
Event: 3.532 Thread 0x000002514da64920 Exception <a 'java/lang/NoSuchMethodError'{0x00000000a729c158}: 'java.lang.Object java.lang.invoke.DirectMethodHandle$Holder.invokeVirtual(java.lang.Object, java.lang.Object, java.lang.Object)'> (0x00000000a729c158) 
thrown [s\open\src\hotspot\share\interpreter\linkResolver.cpp, line 773]
Event: 3.541 Thread 0x000002514da64920 Exception <a 'java/lang/NoSuchMethodError'{0x00000000a72bdf98}: 'java.lang.Object java.lang.invoke.DirectMethodHandle$Holder.invokeStaticInit(java.lang.Object, int)'> (0x00000000a72bdf98) 
thrown [s\open\src\hotspot\share\interpreter\linkResolver.cpp, line 773]
Event: 3.544 Thread 0x000002514da64920 Exception <a 'java/lang/NoSuchMethodError'{0x00000000a72c7f68}: 'java.lang.Object java.lang.invoke.DirectMethodHandle$Holder.invokeStaticInit(java.lang.Object, int, java.lang.Object)'> (0x00000000a72c7f68) 
thrown [s\open\src\hotspot\share\interpreter\linkResolver.cpp, line 773]
Event: 3.579 Thread 0x000002514da64920 Exception <a 'java/lang/NoSuchMethodError'{0x00000000a714feb0}: 'void java.lang.invoke.DirectMethodHandle$Holder.invokeVirtual(java.lang.Object, java.lang.Object, java.lang.Object, java.lang.Object)'> (0x00000000a714feb0) 
thrown [s\open\src\hotspot\share\interpreter\linkResolver.cpp, line 773]
Event: 3.726 Thread 0x000002514da64920 Exception <a 'java/lang/NoSuchMethodError'{0x00000000a6fbece0}: 'java.lang.Object java.lang.invoke.Invokers$Holder.invoke_MT(java.lang.Object, java.lang.Object, java.lang.Object, java.lang.Object, java.lang.Object, java.lang.Object, java.lang.Object, java.lang.Object, java.lang.Object)'> (0x00000000a6fbece0) 
thrown [s\open\src\hotspot\share\interpreter\linkResolver.cpp, line 773]
Event: 3.735 Thread 0x000002514da64920 Exception <a 'java/lang/NoSuchMethodError'{0x00000000a6ff9c90}: 'java.lang.reflect.Field[] java.lang.Class.getDeclaredFields(java.lang.Class)'> (0x00000000a6ff9c90) 
thrown [s\open\src\hotspot\share\interpreter\linkResolver.cpp, line 773]
Event: 3.756 Thread 0x000002514da64920 Exception <a 'java/lang/IncompatibleClassChangeError'{0x00000000a6e9bc10}: Found class java.lang.Object, but interface was expected> (0x00000000a6e9bc10) 
thrown [s\open\src\hotspot\share\interpreter\linkResolver.cpp, line 840]
Event: 5.400 Thread 0x000002514da64920 Exception <a 'java/lang/NoSuchMethodError'{0x00000000a789f178}: 'int java.lang.invoke.DirectMethodHandle$Holder.invokeSpecial(java.lang.Object, java.lang.Object, java.lang.Object, java.lang.Object, java.lang.Object)'> (0x00000000a789f178) 
thrown [s\open\src\hotspot\share\interpreter\linkResolver.cpp, line 773]

ZGC Phase Switch (0 events):
No events

VM Operations (20 events):
Event: 2.334 Executing VM operation: HandshakeAllThreads (Deoptimize)
Event: 2.334 Executing VM operation: HandshakeAllThreads (Deoptimize) done
Event: 3.347 Executing VM operation: Cleanup
Event: 3.503 Executing VM operation: Cleanup done
Event: 3.693 Executing VM operation: HandshakeAllThreads (Deoptimize)
Event: 3.693 Executing VM operation: HandshakeAllThreads (Deoptimize) done
Event: 3.700 Executing VM operation: HandshakeAllThreads (Deoptimize)
Event: 3.700 Executing VM operation: HandshakeAllThreads (Deoptimize) done
Event: 3.700 Executing VM operation: HandshakeAllThreads (Deoptimize)
Event: 3.700 Executing VM operation: HandshakeAllThreads (Deoptimize) done
Event: 4.704 Executing VM operation: Cleanup
Event: 5.078 Executing VM operation: Cleanup done
Event: 5.180 Executing VM operation: G1CollectForAllocation (G1 Evacuation Pause)
Event: 5.189 Executing VM operation: G1CollectForAllocation (G1 Evacuation Pause) done
Event: 5.199 Executing VM operation: HandshakeAllThreads (Deoptimize)
Event: 5.199 Executing VM operation: HandshakeAllThreads (Deoptimize) done
Event: 5.361 Executing VM operation: HandshakeAllThreads (Deoptimize)
Event: 5.361 Executing VM operation: HandshakeAllThreads (Deoptimize) done
Event: 6.366 Executing VM operation: Cleanup
Event: 6.366 Executing VM operation: Cleanup done

Events (15 events):
Event: 0.054 Thread 0x000002512f10cf20 Thread added: 0x000002512f10cf20
Event: 0.079 Thread 0x000002514d760090 Thread added: 0x000002514d760090
Event: 0.079 Thread 0x000002514d760ca0 Thread added: 0x000002514d760ca0
Event: 0.080 Thread 0x000002514d764df0 Thread added: 0x000002514d764df0
Event: 0.081 Thread 0x000002514d765e90 Thread added: 0x000002514d765e90
Event: 0.081 Thread 0x000002514d767370 Thread added: 0x000002514d767370
Event: 0.081 Thread 0x000002514d768850 Thread added: 0x000002514d768850
Event: 0.081 Thread 0x000002514d76e3c0 Thread added: 0x000002514d76e3c0
Event: 0.082 Thread 0x000002514d773410 Thread added: 0x000002514d773410
Event: 0.366 Thread 0x000002514da63570 Thread added: 0x000002514da63570
Event: 0.746 Thread 0x000002514da63c00 Thread added: 0x000002514da63c00
Event: 0.746 Thread 0x000002514da64290 Thread added: 0x000002514da64290
Event: 1.679 Thread 0x000002514da621c0 Thread added: 0x000002514da621c0
Event: 1.690 Thread 0x000002514da64920 Thread added: 0x000002514da64920
Event: 3.722 Thread 0x000002514da64fb0 Thread added: 0x000002514da64fb0


Dynamic libraries:
0x00007ff721bf0000 - 0x00007ff721c00000 	C:\Program Files\Java\jdk-21.0.10\bin\java.exe
0x00007ffee1400000 - 0x00007ffee1666000 	C:\WINDOWS\SYSTEM32\ntdll.dll
0x00007ffedff60000 - 0x00007ffee0029000 	C:\WINDOWS\System32\KERNEL32.DLL
0x00007ffeded20000 - 0x00007ffedf11e000 	C:\WINDOWS\System32\KERNELBASE.dll
0x00007ffede8f0000 - 0x00007ffedea3c000 	C:\WINDOWS\System32\ucrtbase.dll
0x00007ffec1020000 - 0x00007ffec1039000 	C:\Program Files\Java\jdk-21.0.10\bin\jli.dll
0x00007ffecb600000 - 0x00007ffecb61e000 	C:\Program Files\Java\jdk-21.0.10\bin\VCRUNTIME140.dll
0x00007ffee0d50000 - 0x00007ffee0e07000 	C:\WINDOWS\System32\ADVAPI32.dll
0x00007ffee1270000 - 0x00007ffee1319000 	C:\WINDOWS\System32\msvcrt.dll
0x00007ffedfb70000 - 0x00007ffedfc1a000 	C:\WINDOWS\System32\sechost.dll
0x00007ffee0a20000 - 0x00007ffee0b38000 	C:\WINDOWS\System32\RPCRT4.dll
0x00007ffee10a0000 - 0x00007ffee1267000 	C:\WINDOWS\System32\USER32.dll
0x00007ffede800000 - 0x00007ffede827000 	C:\WINDOWS\System32\win32u.dll
0x00007ffecb360000 - 0x00007ffecb5f2000 	C:\WINDOWS\WinSxS\amd64_microsoft.windows.common-controls_6595b64144ccf1df_6.0.26100.8875_none_3e0d5d42e32fe9dd\COMCTL32.dll
0x00007ffedfc50000 - 0x00007ffedfc7b000 	C:\WINDOWS\System32\GDI32.dll
0x00007ffede620000 - 0x00007ffede74a000 	C:\WINDOWS\System32\gdi32full.dll
0x00007ffede750000 - 0x00007ffede7f3000 	C:\WINDOWS\System32\msvcp_win.dll
0x00007ffed70d0000 - 0x00007ffed70db000 	C:\WINDOWS\SYSTEM32\VERSION.dll
0x00007ffee0030000 - 0x00007ffee0062000 	C:\WINDOWS\System32\IMM32.DLL
0x00007ffebf4e0000 - 0x00007ffebf4ec000 	C:\Program Files\Java\jdk-21.0.10\bin\vcruntime140_1.dll
0x00007ffeb8460000 - 0x00007ffeb84ed000 	C:\Program Files\Java\jdk-21.0.10\bin\msvcp140.dll
0x00007ffddd940000 - 0x00007ffdde667000 	C:\Program Files\Java\jdk-21.0.10\bin\server\jvm.dll
0x00007ffee1010000 - 0x00007ffee1090000 	C:\WINDOWS\System32\WS2_32.dll
0x00007ffede480000 - 0x00007ffede4de000 	C:\WINDOWS\SYSTEM32\POWRPROF.dll
0x00007ffed7090000 - 0x00007ffed70c6000 	C:\WINDOWS\SYSTEM32\WINMM.dll
0x00007ffede460000 - 0x00007ffede474000 	C:\WINDOWS\SYSTEM32\UMPDC.dll
0x00007ffedd300000 - 0x00007ffedd31b000 	C:\WINDOWS\SYSTEM32\kernel.appcore.dll
0x00007ffebd840000 - 0x00007ffebd84a000 	C:\Program Files\Java\jdk-21.0.10\bin\jimage.dll
0x00007ffedbcb0000 - 0x00007ffedbef2000 	C:\WINDOWS\SYSTEM32\DBGHELP.DLL
0x00007ffedf740000 - 0x00007ffedfac3000 	C:\WINDOWS\System32\combase.dll
0x00007ffedf660000 - 0x00007ffedf739000 	C:\WINDOWS\System32\OLEAUT32.dll
0x00007ffecae20000 - 0x00007ffecae5b000 	C:\WINDOWS\SYSTEM32\dbgcore.DLL
0x00007ffede830000 - 0x00007ffede8dc000 	C:\WINDOWS\System32\bcryptPrimitives.dll
0x00007ffebccb0000 - 0x00007ffebccc0000 	C:\Program Files\Java\jdk-21.0.10\bin\instrument.dll
0x00007ffeb8fd0000 - 0x00007ffeb8ff1000 	C:\Program Files\Java\jdk-21.0.10\bin\java.dll
0x00007ffee0280000 - 0x00007ffee0a12000 	C:\WINDOWS\System32\SHELL32.dll
0x00007ffedc0b0000 - 0x00007ffedc942000 	C:\WINDOWS\SYSTEM32\windows.storage.dll
0x00007ffedfc80000 - 0x00007ffedfd77000 	C:\WINDOWS\System32\SHCORE.dll
0x00007ffee0e10000 - 0x00007ffee0e77000 	C:\WINDOWS\System32\shlwapi.dll
0x00007ffede540000 - 0x00007ffede569000 	C:\WINDOWS\SYSTEM32\profapi.dll
0x00007ffe7ce10000 - 0x00007ffe7cee7000 	C:\Program Files\Java\jdk-21.0.10\bin\jsvml.dll
0x00007ffeba530000 - 0x00007ffeba548000 	C:\Program Files\Java\jdk-21.0.10\bin\zip.dll
0x00007ffebb2e0000 - 0x00007ffebb2f1000 	C:\Program Files\Java\jdk-21.0.10\bin\net.dll
0x00007ffed4610000 - 0x00007ffed4737000 	C:\WINDOWS\SYSTEM32\WINHTTP.dll
0x00007ffedd8b0000 - 0x00007ffedd91c000 	C:\WINDOWS\system32\mswsock.dll
0x00007ffebab70000 - 0x00007ffebab86000 	C:\Program Files\Java\jdk-21.0.10\bin\nio.dll
0x00007ffebbb40000 - 0x00007ffebbb49000 	C:\Program Files\Java\jdk-21.0.10\bin\extnet.dll
0x00007ffebb8c0000 - 0x00007ffebb8ca000 	C:\Program Files\Java\jdk-21.0.10\bin\management.dll
0x00007ffebb880000 - 0x00007ffebb88c000 	C:\Program Files\Java\jdk-21.0.10\bin\management_ext.dll
0x00007ffedf130000 - 0x00007ffedf138000 	C:\WINDOWS\System32\PSAPI.DLL

dbghelp: loaded successfully - version: 4.0.5 - missing functions: none
symbol engine: initialized successfully - sym options: 0x614 - pdb path: .;C:\Program Files\Java\jdk-21.0.10\bin;C:\WINDOWS\SYSTEM32;C:\WINDOWS\WinSxS\amd64_microsoft.windows.common-controls_6595b64144ccf1df_6.0.26100.8875_none_3e0d5d42e32fe9dd;C:\Program Files\Java\jdk-21.0.10\bin\server

VM Arguments:
jvm_args: -javaagent:C:\Users\91992\AppData\Local\JetBrains\IntelliJ IDEA Community Edition 2023.2.2\lib\idea_rt.jar=50548 -Dfile.encoding=UTF-8 -Dsun.stdout.encoding=UTF-8 -Dsun.stderr.encoding=UTF-8 
java_command: com.tokentrack.aitokentracker.AiTokenTrackerApplication
java_class_path (initial): C:\Users\91992\ai-token-tracker\target\classes;C:\Users\91992\.m2\repository\org\springframework\boot\spring-boot-starter-data-jpa\4.0.7\spring-boot-starter-data-jpa-4.0.7.jar;C:\Users\91992\.m2\repository\org\springframework\boot\spring-boot-starter\4.0.7\spring-boot-starter-4.0.7.jar;C:\Users\91992\.m2\repository\org\springframework\boot\spring-boot-starter-logging\4.0.7\spring-boot-starter-logging-4.0.7.jar;C:\Users\91992\.m2\repository\ch\qos\logback\logback-classic\1.5.34\logback-classic-1.5.34.jar;C:\Users\91992\.m2\repository\ch\qos\logback\logback-core\1.5.34\logback-core-1.5.34.jar;C:\Users\91992\.m2\repository\org\apache\logging\log4j\log4j-to-slf4j\2.25.4\log4j-to-slf4j-2.25.4.jar;C:\Users\91992\.m2\repository\org\apache\logging\log4j\log4j-api\2.25.4\log4j-api-2.25.4.jar;C:\Users\91992\.m2\repository\org\slf4j\jul-to-slf4j\2.0.18\jul-to-slf4j-2.0.18.jar;C:\Users\91992\.m2\repository\jakarta\annotation\jakarta.annotation-api\3.0.0\jakarta.annotation-api-3.0.0.jar;C:\Users\91992\.m2\repository\org\yaml\snakeyaml\2.5\snakeyaml-2.5.jar;C:\Users\91992\.m2\repository\org\springframework\boot\spring-boot-starter-jdbc\4.0.7\spring-boot-starter-jdbc-4.0.7.jar;C:\Users\91992\.m2\repository\com\zaxxer\HikariCP\7.0.2\HikariCP-7.0.2.jar;C:\Users\91992\.m2\repository\org\slf4j\slf4j-api\2.0.18\slf4j-api-2.0.18.jar;C:\Users\91992\.m2\repository\org\springframework\boot\spring-boot-data-jpa\4.0.7\spring-boot-data-jpa-4.0.7.jar;C:\Users\91992\.m2\repository\org\springframework\boot\spring-boot-data-commons\4.0.7\spring-boot-data-commons-4.0.7.jar;C:\Users\91992\.m2\repository\org\springframework\boot\spring-boot-persistence\4.0.7\spring-boot-persistence-4.0.7.jar;C:\Users\91992\.m2\repository\org\springframework\data\spring-data-commons\4.0.6\spring-data-commons-4.0.6.jar;C:\Users\91992\.m2\repository\org\springframework\boot\spring-boot-hibernate\4.0.7\spring-boot-hibernate-4.0.7.jar;C:\Users\91992\.m2\repository\org\springframework\boot\spring-boot-jpa\4.0.7\spring-boot-jpa-4.0.7.jar;C:\Users\91992\.m2\repository\jakarta\persistence\jakarta.persistence-api\3.2.0\jakarta.persistence-api-3.2.0.jar;C:\Users\91992\.m2\repository\org\hibernate\orm\hibernate-core\7.2.19.Final\hibernate-core-7.2.19.Final.jar;C:\Users\91992\.m2\repository\jakarta\transaction\jakarta.transaction-api\2.0.1\jakarta.transaction-api-2.0.1.jar;C:\Users\91992\.m2\repository\org\hibernate\models\hibernate-models\1.0.1\hibernate-models-1.0.1.jar;C:\Users\91992\.m2\repository\org\glassfish\jaxb\jaxb-runtime\4.0.9\jaxb-runtime-4.0.9.jar;C:\Users\91992\.m2\repository\org\glassfish\jaxb\jaxb-core\4.0.9\jaxb-core-4.0.9.jar;C:\Users\91992\.m2\repository\org\eclipse\angus\angus-activation\2.0.3\angus-activation-2.0.3.jar;C:\Users\91992\.m2\repository\org\glassfish\jaxb\txw2\4.0.9\txw2-4.0.9.jar;C:\Users\91992\.m2\repository\com\sun\istack\istack-commons-runtime\4.1.2\istack-commons-runtime-4.1.2.jar;C:\Users\91992\.m2\repository\jakarta\inject\jakarta.inject-api\2.0.1\jakarta.inject-api-2.0.1.jar;C:\Users\91992\.m2\repository\org\springframework\spring-orm\7.0.8\spring-orm-7.0.8.jar;C:\Users\91992\.m2\repository\org\springframework\data\spring-data-jpa\4.0.6\spring-data-jpa-4.0.6.jar;C:\Users\91992\.m2\repository\org\springframework\spring-aop\7.0.8\spring-aop-7.0.8.jar;C:\Users\91992\.m2\repository\org\springframework\spring-tx\7.0.8\spring-tx-7.0.8.jar;C:\Users\91992\.m2\repository\org\springframework\spring-beans\7.0.8\spring-beans-7.0.8.jar;C:\Users\91992\.m2\repository\org\antlr\antlr4-runtime\4.13.2\antlr4-runtime-4.13.2.jar;C:\Users\91992\.m2\repository\org\springframework\spring-aspects\7.0.8\spring-aspects-7.0.8.jar;C:\Users\91992\.m2\repository\org\aspectj\aspectjweaver\1.9.25.1\aspectjweaver-1.9.25.1.jar;C:\Users\91992\.m2\repository\org\springframework\boot\spring-boot-jdbc\4.0.7\spring-boot-jdbc-4.0.7.jar;C:\Users\91992\.m2\repository\org\springframework\boot\spring-boot-sql\4.0.7\spring-boot-sql-4.0.7.jar;C:\Users\91992\.m2\repository\org\springframework\boot\spring-boot-transaction\4.0.7\spring-boot-transaction-4.0.7.jar;C:\Users\91992\.m2\repository\org\springframework\spring-jdbc\7.0.8\spring-jdbc-7.0.8.jar;C:\Users\91992\.m2\repository\org\springframework\boot\spring-boot-starter-validation\4.0.7\spring-boot-starter-validation-4.0.7.jar;C:\Users\91992\.m2\repository\org\springframework\boot\spring-boot-validation\4.0.7\spring-boot-validation-4.0.7.jar;C:\Users\91992\.m2\repository\org\apache\tomcat\embed\tomcat-embed-el\11.0.22\tomcat-embed-el-11.0.22.jar;C:\Users\91992\.m2\repository\org\hibernate\validator\hibernate-validator\9.0.1.Final\hibernate-validator-9.0.1.Final.jar;C:\Users\91992\.m2\repository\jakarta\validation\jakarta.validation-api\3.1.1\jakarta.validation-api-3.1.1.jar;C:\Users\91992\.m2\repository\org\jboss\logging\jboss-logging\3.6.3.Final\jboss-logging-3.6.3.Final.jar;C:\Users\91992\.m2\repository\com\fasterxml\classmate\1.7.3\classmate-1.7.3.jar;C:\Users\91992\.m2\repository\org\springframework\boot\spring-boot-starter-webmvc\4.0.7\spring-boot-starter-webmvc-4.0.7.jar;C:\Users\91992\.m2\repository\org\springframework\boot\spring-boot-starter-jackson\4.0.7\spring-boot-starter-jackson-4.0.7.jar;C:\Users\91992\.m2\repository\org\springframework\boot\spring-boot-jackson\4.0.7\spring-boot-jackson-4.0.7.jar;C:\Users\91992\.m2\repository\tools\jackson\core\jackson-databind\3.1.4\jackson-databind-3.1.4.jar;C:\Users\91992\.m2\repository\com\fasterxml\jackson\core\jackson-annotations\2.21\jackson-annotations-2.21.jar;C:\Users\91992\.m2\repository\tools\jackson\core\jackson-core\3.1.4\jackson-core-3.1.4.jar;C:\Users\91992\.m2\repository\org\springframework\boot\spring-boot-starter-tomcat\4.0.7\spring-boot-starter-tomcat-4.0.7.jar;C:\Users\91992\.m2\repository\org\springframework\boot\spring-boot-starter-tomcat-runtime\4.0.7\spring-boot-starter-tomcat-runtime-4.0.7.jar;C:\Users\91992\.m2\repository\org\apache\tomcat\embed\tomcat-embed-core\11.0.22\tomcat-embed-core-11.0.22.jar;C:\Users\91992\.m2\repository\org\apache\tomcat\embed\tomcat-embed-websocket\11.0.22\tomcat-embed-websocket-11.0.22.jar;C:\Users\91992\.m2\repository\org\springframework\boot\spring-boot-tomcat\4.0.7\spring-boot-tomcat-4.0.7.jar;C:\Users\91992\.m2\repository\org\springframework\boot\spring-boot-http-converter\4.0.7\spring-boot-http-converter-4.0.7.jar;C:\Users\91992\.m2\repository\org\springframework\spring-web\7.0.8\spring-web-7.0.8.jar;C:\Users\91992\.m2\repository\io\micrometer\micrometer-observation\1.16.6\micrometer-observation-1.16.6.jar;C:\Users\91992\.m2\repository\io\micrometer\micrometer-commons\1.16.6\micrometer-commons-1.16.6.jar;C:\Users\91992\.m2\repository\org\springframework\boot\spring-boot-webmvc\4.0.7\spring-boot-webmvc-4.0.7.jar;C:\Users\91992\.m2\repository\org\springframework\boot\spring-boot-servlet\4.0.7\spring-boot-servlet-4.0.7.jar;C:\Users\91992\.m2\repository\org\springframework\spring-webmvc\7.0.8\spring-webmvc-7.0.8.jar;C:\Users\91992\.m2\repository\org\springframework\spring-expression\7.0.8\spring-expression-7.0.8.jar;C:\Users\91992\.m2\repository\org\springframework\boot\spring-boot-devtools\4.0.7\spring-boot-devtools-4.0.7.jar;C:\Users\91992\.m2\repository\org\springframework\boot\spring-boot\4.0.7\spring-boot-4.0.7.jar;C:\Users\91992\.m2\repository\org\springframework\spring-core\7.0.8\spring-core-7.0.8.jar;C:\Users\91992\.m2\repository\commons-logging\commons-logging\1.3.6\commons-logging-1.3.6.jar;C:\Users\91992\.m2\repository\org\jspecify\jspecify\1.0.0\jspecify-1.0.0.jar;C:\Users\91992\.m2\repository\org\springframework\spring-context\7.0.8\spring-context-7.0.8.jar;C:\Users\91992\.m2\repository\org\springframework\boot\spring-boot-autoconfigure\4.0.7\spring-boot-autoconfigure-4.0.7.jar;C:\Users\91992\.m2\repository\org\postgresql\postgresql\42.7.11\postgresql-42.7.11.jar;C:\Users\91992\.m2\repository\org\projectlombok\lombok\1.18.46\lombok-1.18.46.jar;C:\Users\91992\.m2\repository\jakarta\xml\bind\jakarta.xml.bind-api\4.0.5\jakarta.xml.bind-api-4.0.5.jar;C:\Users\91992\.m2\repository\jakarta\activation\jakarta.activation-api\2.1.4\jakarta.activation-api-2.1.4.jar;C:\Users\91992\.m2\repository\net\bytebuddy\byte-buddy\1.17.8\byte-buddy-1.17.8.jar;C:\Users\91992\.m2\repository\org\springframework\boot\spring-boot-web-server\4.0.7\spring-boot-web-server-4.0.7.jar
Launcher Type: SUN_STANDARD

[Global flags]
     intx CICompilerCount                          = 4                                         {product} {ergonomic}
     uint ConcGCThreads                            = 3                                         {product} {ergonomic}
     uint G1ConcRefinementThreads                  = 10                                        {product} {ergonomic}
   size_t G1HeapRegionSize                         = 1048576                                   {product} {ergonomic}
    uintx GCDrainStackTargetSize                   = 64                                        {product} {ergonomic}
   size_t InitialHeapSize                          = 98566144                                  {product} {ergonomic}
   size_t MarkStackSize                            = 4194304                                   {product} {ergonomic}
   size_t MaxHeapSize                              = 1574961152                                {product} {ergonomic}
   size_t MaxNewSize                               = 944766976                                 {product} {ergonomic}
   size_t MinHeapDeltaBytes                        = 1048576                                   {product} {ergonomic}
   size_t MinHeapSize                              = 8388608                                   {product} {ergonomic}
    uintx NonNMethodCodeHeapSize                   = 5839372                                {pd product} {ergonomic}
    uintx NonProfiledCodeHeapSize                  = 122909434                              {pd product} {ergonomic}
    uintx ProfiledCodeHeapSize                     = 122909434                              {pd product} {ergonomic}
    uintx ReservedCodeCacheSize                    = 251658240                              {pd product} {ergonomic}
     bool SegmentedCodeCache                       = true                                      {product} {ergonomic}
   size_t SoftMaxHeapSize                          = 1574961152                             {manageable} {ergonomic}
     bool UseCompressedOops                        = true                           {product lp64_product} {ergonomic}
     bool UseG1GC                                  = true                                      {product} {ergonomic}
     bool UseLargePagesIndividualAllocation        = false                                  {pd product} {ergonomic}

Logging:
Log output configuration:
 #0: stdout all=warning uptime,level,tags foldmultilines=false
 #1: stderr all=off uptime,level,tags foldmultilines=false

Environment Variables:
PATH=C:\Program Files\Python313\Scripts\;C:\Program Files\Python313\;C:\Program Files\Python39\Scripts\;C:\Program Files\Python39\;C:\Program Files\Python38\Scripts\;C:\Program Files\Python38\;C:\Program Files\Common Files\Oracle\Java\javapath;C:\WINDOWS\system32;C:\WINDOWS;C:\WINDOWS\System32\Wbem;C:\WINDOWS\System32\WindowsPowerShell\v1.0\;C:\WINDOWS\System32\OpenSSH\;C:\MinGW\bin;C:\Program Files\Git\cmd;C:\Program Files\Git\mingw64\bin;C:\Program Files\Git\usr\bin;C:\Program Files\nodejs\;C:\Program Files\Java\jdk-25\bin;C:\Program Files\Steel Bank Common Lisp\;C:\Program Files\Docker\Docker\resources\bin;C:\Program Files\Java\jdk-21.0.10\bin;C:\Users\91992\AppData\Local\Programs\Python\Python313\Scripts\;C:\Users\91992\AppData\Local\Programs\Python\Python313\;C:\Users\91992\AppData\Local\Programs\Python\Python312\Scripts\;C:\Users\91992\AppData\Local\Programs\Python\Python312\;C:\Users\91992\AppData\Local\Microsoft\WindowsApps;C:\Users\91992\AppData\Local\JetBrains\IntelliJ IDEA Community Edition 2023.2.2\bin;;C:\Users\91992\AppData\Local\Programs\Microsoft VS Code\bin;C:\Users\91992\AppData\Roaming\npm;C:\Users\91992\AppData\Roaming\Python\Python39\Scripts;C:\Program Files\nodejs\;C:\ProgramData\91992\GitHubDesktop\bin;C:\Users\91992\AppData\Local\GitHubDesktop\bin
USERNAME=91992
OS=Windows_NT
PROCESSOR_IDENTIFIER=AMD64 Family 23 Model 104 Stepping 1, AuthenticAMD
TMP=C:\Users\91992\AppData\Local\Temp
TEMP=C:\Users\91992\AppData\Local\Temp




Periodic native trim disabled

---------------  S Y S T E M  ---------------

OS:
 Windows 11 , 64 bit Build 26100 (10.0.26100.8875)
OS uptime: 0 days 12:26 hours
Hyper-V role detected

CPU: total 12 (initial active 12) (12 cores per cpu, 2 threads per core) family 23 model 104 stepping 1 microcode 0x8608103, cx8, cmov, fxsr, ht, mmx, 3dnowpref, sse, sse2, sse3, ssse3, sse4a, sse4.1, sse4.2, popcnt, lzcnt, tsc, tscinvbit, avx, avx2, aes, clmul, bmi1, bmi2, adx, sha, fma, vzeroupper, clflush, clflushopt, hv, rdtscp, rdpid, f16c
Processor Information for all 12 processors :
  Max Mhz: 2100, Current Mhz: 1988, Mhz Limit: 2100

Memory: 4k page, system-wide physical 6005M (234M free)
TotalPageFile size 24437M (AvailPageFile size 8M)
current process WorkingSet (physical memory assigned to process): 123M, peak: 124M
current process commit charge ("private bytes"): 218M, peak: 220M

vm_info: Java HotSpot(TM) 64-Bit Server VM (21.0.10+8-LTS-217) for windows-amd64 JRE (21.0.10+8-LTS-217), built on 2025-12-18T14:59:28Z by "mach5run" with MS VC++ 17.13 (VS2022)

END.
